
> react-kavia@0.1.0 start
> react-scripts start

(node:559) [DEP_WEBPACK_DEV_SERVER_ON_AFTER_SETUP_MIDDLEWARE] DeprecationWarning: 'onAfterSetupMiddleware' option is deprecated. Please use the 'setupMiddlewares' option.
(Use `node --trace-deprecation ...` to show where the warning was created)
(node:559) [DEP_WEBPACK_DEV_SERVER_ON_BEFORE_SETUP_MIDDLEWARE] DeprecationWarning: 'onBeforeSetupMiddleware' option is deprecated. Please use the 'setupMiddlewares' option.
Starting the development server...

Failed to compile.

[eslint] 
src/components/Avatar.jsx
  Line 17:3:  'src' is missing in props validation        react/prop-types
  Line 18:3:  'alt' is missing in props validation        react/prop-types
  Line 19:3:  'size' is missing in props validation       react/prop-types
  Line 20:3:  'ringColor' is missing in props validation  react/prop-types
  Line 21:3:  'demoIndex' is missing in props validation  react/prop-types

src/components/FloatingOrb.jsx
  Line 9:39:  'children' is missing in props validation  react/prop-types
  Line 9:49:  'size' is missing in props validation      react/prop-types
  Line 9:60:  'color' is missing in props validation     react/prop-types

src/components/HPBar.jsx
  Line 9:33:  'hp' is missing in props validation           react/prop-types
  Line 9:37:  'maxHp' is missing in props validation        react/prop-types
  Line 9:50:  'showPercent' is missing in props validation  react/prop-types

src/components/NeonButton.jsx
  Line 12:3:  'onClick' is missing in props validation    react/prop-types
  Line 13:3:  'children' is missing in props validation   react/prop-types
  Line 14:3:  'disabled' is missing in props validation   react/prop-types
  Line 15:3:  'variant' is missing in props validation    react/prop-types
  Line 16:3:  'className' is missing in props validation  react/prop-types

src/components/StatsPanel.jsx
  Line 7:38:  'stats' is missing in props validation  react/prop-types

src/components/Tabs.jsx
  Line 12:3:   'tabs' is missing in props validation          react/prop-types
  Line 13:3:   'defaultIndex' is missing in props validation  react/prop-types
  Line 14:3:   'onChange' is missing in props validation      react/prop-types
  Line 15:3:   'children' is missing in props validation      react/prop-types
  Line 16:3:   'size' is missing in props validation          react/prop-types
  Line 29:15:  'tabs.map' is missing in props validation      react/prop-types

src/components/XPBar.jsx
  Line 10:33:  'xp' is missing in props validation           react/prop-types
  Line 10:37:  'maxXp' is missing in props validation        react/prop-types
  Line 10:44:  'showPercent' is missing in props validation  react/prop-types

src/components/ZoneCard.jsx
  Line 10:36:  'name' is missing in props validation         react/prop-types
  Line 10:42:  'description' is missing in props validation  react/prop-types
  Line 10:55:  'image' is missing in props validation        react/prop-types
  Line 10:62:  'onClick' is missing in props validation      react/prop-types

src/pages/Onboarding.jsx
Syntax error: Unterminated regular expression. (177:14) (177:14)

src/pages/QuestLog.jsx
Syntax error: Unterminated string constant. (259:43) (259:43)

Search for the keywords to learn more about each error.
WARNING in [eslint] 
src/components/Tabs.jsx
  Line 30:11:  The attribute aria-selected is not supported by the role button. This role is implicit on the element button  jsx-a11y/role-supports-aria-props

src/components/XPBar.jsx
  Line 2:8:  'classNames' is defined but never used  no-unused-vars

src/pages/Dashboard.jsx
  Line 13:8:   'classNames' is defined but never used              no-unused-vars
  Line 53:11:  'user' is assigned a value but never used           no-unused-vars
  Line 53:35:  'loadingUser' is assigned a value but never used    no-unused-vars
  Line 54:26:  'loadingGame' is assigned a value but never used    no-unused-vars
  Line 64:9:   'equippedItems' is assigned a value but never used  no-unused-vars

ERROR in ./src/pages/Onboarding.jsx
Module build failed (from ./node_modules/babel-loader/lib/index.js):
SyntaxError: /home/kavia/workspace/code-generation/neuroquest-the-productivity-rpg-26275-bd28cfe0/neuroquest_web_app/src/pages/Onboarding.jsx: Unterminated regular expression. (177:14)

  175 |     // Parse into array of quest steps
  176 |     return text
> 177 |       .split(/
      |               ^
  178 | +/)
  179 |       .map((s) => s.replace(/^\d+\.\s*/, "").replace(/^Step \d+: ?/, "").trim())
  180 |       .filter(Boolean);
    at constructor (/home/kavia/workspace/code-generation/neuroquest-the-productivity-rpg-26275-bd28cfe0/neuroquest_web_app/node_modules/@babel/parser/lib/index.js:360:19)
    at FlowParserMixin.raise (/home/kavia/workspace/code-generation/neuroquest-the-productivity-rpg-26275-bd28cfe0/neuroquest_web_app/node_modules/@babel/parser/lib/index.js:3327:19)
    at FlowParserMixin.readRegexp (/home/kavia/workspace/code-generation/neuroquest-the-productivity-rpg-26275-bd28cfe0/neuroquest_web_app/node_modules/@babel/parser/lib/index.js:3056:20)
    at FlowParserMixin.parseExprAtom (/home/kavia/workspace/code-generation/neuroquest-the-productivity-rpg-26275-bd28cfe0/neuroquest_web_app/node_modules/@babel/parser/lib/index.js:10988:16)
    at FlowParserMixin.parseExprAtom (/home/kavia/workspace/code-generation/neuroquest-the-productivity-rpg-26275-bd28cfe0/neuroquest_web_app/node_modules/@babel/parser/lib/index.js:6937:20)
    at FlowParserMixin.parseExprSubscripts (/home/kavia/workspace/code-generation/neuroquest-the-productivity-rpg-26275-bd28cfe0/neuroquest_web_app/node_modules/@babel/parser/lib/index.js:10758:23)
    at FlowParserMixin.parseUpdate (/home/kavia/workspace/code-generation/neuroquest-the-productivity-rpg-26275-bd28cfe0/neuroquest_web_app/node_modules/@babel/parser/lib/index.js:10743:21)
    at FlowParserMixin.parseMaybeUnary (/home/kavia/workspace/code-generation/neuroquest-the-productivity-rpg-26275-bd28cfe0/neuroquest_web_app/node_modules/@babel/parser/lib/index.js:10723:23)
    at FlowParserMixin.parseMaybeUnaryOrPrivate (/home/kavia/workspace/code-generation/neuroquest-the-productivity-rpg-26275-bd28cfe0/neuroquest_web_app/node_modules/@babel/parser/lib/index.js:10576:61)
    at FlowParserMixin.parseExprOps (/home/kavia/workspace/code-generation/neuroquest-the-productivity-rpg-26275-bd28cfe0/neuroquest_web_app/node_modules/@babel/parser/lib/index.js:10581:23)
    at FlowParserMixin.parseMaybeConditional (/home/kavia/workspace/code-generation/neuroquest-the-productivity-rpg-26275-bd28cfe0/neuroquest_web_app/node_modules/@babel/parser/lib/index.js:10558:23)
    at FlowParserMixin.parseMaybeAssign (/home/kavia/workspace/code-generation/neuroquest-the-productivity-rpg-26275-bd28cfe0/neuroquest_web_app/node_modules/@babel/parser/lib/index.js:10521:21)
    at FlowParserMixin.parseMaybeAssign (/home/kavia/workspace/code-generation/neuroquest-the-productivity-rpg-26275-bd28cfe0/neuroquest_web_app/node_modules/@babel/parser/lib/index.js:5773:18)
    at /home/kavia/workspace/code-generation/neuroquest-the-productivity-rpg-26275-bd28cfe0/neuroquest_web_app/node_modules/@babel/parser/lib/index.js:10491:39
    at FlowParserMixin.allowInAnd (/home/kavia/workspace/code-generation/neuroquest-the-productivity-rpg-26275-bd28cfe0/neuroquest_web_app/node_modules/@babel/parser/lib/index.js:12100:12)
    at FlowParserMixin.parseMaybeAssignAllowIn (/home/kavia/workspace/code-generation/neuroquest-the-productivity-rpg-26275-bd28cfe0/neuroquest_web_app/node_modules/@babel/parser/lib/index.js:10491:17)
    at FlowParserMixin.parseExprListItem (/home/kavia/workspace/code-generation/neuroquest-the-productivity-rpg-26275-bd28cfe0/neuroquest_web_app/node_modules/@babel/parser/lib/index.js:11858:18)
    at FlowParserMixin.parseCallExpressionArguments (/home/kavia/workspace/code-generation/neuroquest-the-productivity-rpg-26275-bd28cfe0/neuroquest_web_app/node_modules/@babel/parser/lib/index.js:10927:22)
    at FlowParserMixin.parseCoverCallAndAsyncArrowHead (/home/kavia/workspace/code-generation/neuroquest-the-productivity-rpg-26275-bd28cfe0/neuroquest_web_app/node_modules/@babel/parser/lib/index.js:10861:29)
    at FlowParserMixin.parseSubscript (/home/kavia/workspace/code-generation/neuroquest-the-productivity-rpg-26275-bd28cfe0/neuroquest_web_app/node_modules/@babel/parser/lib/index.js:10798:19)
    at FlowParserMixin.parseSubscript (/home/kavia/workspace/code-generation/neuroquest-the-productivity-rpg-26275-bd28cfe0/neuroquest_web_app/node_modules/@babel/parser/lib/index.js:5874:18)
    at FlowParserMixin.parseSubscripts (/home/kavia/workspace/code-generation/neuroquest-the-productivity-rpg-26275-bd28cfe0/neuroquest_web_app/node_modules/@babel/parser/lib/index.js:10771:19)
    at FlowParserMixin.parseSubscripts (/home/kavia/workspace/code-generation/neuroquest-the-productivity-rpg-26275-bd28cfe0/neuroquest_web_app/node_modules/@babel/parser/lib/index.js:5840:18)
    at FlowParserMixin.parseExprSubscripts (/home/kavia/workspace/code-generation/neuroquest-the-productivity-rpg-26275-bd28cfe0/neuroquest_web_app/node_modules/@babel/parser/lib/index.js:10762:17)
    at FlowParserMixin.parseUpdate (/home/kavia/workspace/code-generation/neuroquest-the-productivity-rpg-26275-bd28cfe0/neuroquest_web_app/node_modules/@babel/parser/lib/index.js:10743:21)
    at FlowParserMixin.parseMaybeUnary (/home/kavia/workspace/code-generation/neuroquest-the-productivity-rpg-26275-bd28cfe0/neuroquest_web_app/node_modules/@babel/parser/lib/index.js:10723:23)
    at FlowParserMixin.parseMaybeUnaryOrPrivate (/home/kavia/workspace/code-generation/neuroquest-the-productivity-rpg-26275-bd28cfe0/neuroquest_web_app/node_modules/@babel/parser/lib/index.js:10576:61)
    at FlowParserMixin.parseExprOps (/home/kavia/workspace/code-generation/neuroquest-the-productivity-rpg-26275-bd28cfe0/neuroquest_web_app/node_modules/@babel/parser/lib/index.js:10581:23)
    at FlowParserMixin.parseMaybeConditional (/home/kavia/workspace/code-generation/neuroquest-the-productivity-rpg-26275-bd28cfe0/neuroquest_web_app/node_modules/@babel/parser/lib/index.js:10558:23)
    at FlowParserMixin.parseMaybeAssign (/home/kavia/workspace/code-generation/neuroquest-the-productivity-rpg-26275-bd28cfe0/neuroquest_web_app/node_modules/@babel/parser/lib/index.js:10521:21)
    at FlowParserMixin.parseMaybeAssign (/home/kavia/workspace/code-generation/neuroquest-the-productivity-rpg-26275-bd28cfe0/neuroquest_web_app/node_modules/@babel/parser/lib/index.js:5773:18)
    at FlowParserMixin.parseExpressionBase (/home/kavia/workspace/code-generation/neuroquest-the-productivity-rpg-26275-bd28cfe0/neuroquest_web_app/node_modules/@babel/parser/lib/index.js:10475:23)
    at /home/kavia/workspace/code-generation/neuroquest-the-productivity-rpg-26275-bd28cfe0/neuroquest_web_app/node_modules/@babel/parser/lib/index.js:10471:39
    at FlowParserMixin.allowInAnd (/home/kavia/workspace/code-generation/neuroquest-the-productivity-rpg-26275-bd28cfe0/neuroquest_web_app/node_modules/@babel/parser/lib/index.js:12095:16)
    at FlowParserMixin.parseExpression (/home/kavia/workspace/code-generation/neuroquest-the-productivity-rpg-26275-bd28cfe0/neuroquest_web_app/node_modules/@babel/parser/lib/index.js:10471:17)
    at FlowParserMixin.parseReturnStatement (/home/kavia/workspace/code-generation/neuroquest-the-productivity-rpg-26275-bd28cfe0/neuroquest_web_app/node_modules/@babel/parser/lib/index.js:12786:28)
    at FlowParserMixin.parseStatementContent (/home/kavia/workspace/code-generation/neuroquest-the-productivity-rpg-26275-bd28cfe0/neuroquest_web_app/node_modules/@babel/parser/lib/index.js:12437:21)
    at FlowParserMixin.parseStatementLike (/home/kavia/workspace/code-generation/neuroquest-the-productivity-rpg-26275-bd28cfe0/neuroquest_web_app/node_modules/@babel/parser/lib/index.js:12406:17)
    at FlowParserMixin.parseStatementLike (/home/kavia/workspace/code-generation/neuroquest-the-productivity-rpg-26275-bd28cfe0/neuroquest_web_app/node_modules/@babel/parser/lib/index.js:5140:24)
    at FlowParserMixin.parseStatementListItem (/home/kavia/workspace/code-generation/neuroquest-the-productivity-rpg-26275-bd28cfe0/neuroquest_web_app/node_modules/@babel/parser/lib/index.js:12386:17)
    at FlowParserMixin.parseBlockOrModuleBlockBody (/home/kavia/workspace/code-generation/neuroquest-the-productivity-rpg-26275-bd28cfe0/neuroquest_web_app/node_modules/@babel/parser/lib/index.js:12960:61)
    at FlowParserMixin.parseBlockBody (/home/kavia/workspace/code-generation/neuroquest-the-productivity-rpg-26275-bd28cfe0/neuroquest_web_app/node_modules/@babel/parser/lib/index.js:12953:10)
    at FlowParserMixin.parseBlock (/home/kavia/workspace/code-generation/neuroquest-the-productivity-rpg-26275-bd28cfe0/neuroquest_web_app/node_modules/@babel/parser/lib/index.js:12941:10)
    at FlowParserMixin.parseFunctionBody (/home/kavia/workspace/code-generation/neuroquest-the-productivity-rpg-26275-bd28cfe0/neuroquest_web_app/node_modules/@babel/parser/lib/index.js:11783:24)
    at FlowParserMixin.parseFunctionBody (/home/kavia/workspace/code-generation/neuroquest-the-productivity-rpg-26275-bd28cfe0/neuroquest_web_app/node_modules/@babel/parser/lib/index.js:5117:11)
    at FlowParserMixin.parseFunctionBodyAndFinish (/home/kavia/workspace/code-generation/neuroquest-the-productivity-rpg-26275-bd28cfe0/neuroquest_web_app/node_modules/@babel/parser/lib/index.js:11769:10)
    at FlowParserMixin.parseFunctionBodyAndFinish (/home/kavia/workspace/code-generation/neuroquest-the-productivity-rpg-26275-bd28cfe0/neuroquest_web_app/node_modules/@babel/parser/lib/index.js:5125:18)
    at /home/kavia/workspace/code-generation/neuroquest-the-productivity-rpg-26275-bd28cfe0/neuroquest_web_app/node_modules/@babel/parser/lib/index.js:13085:12
    at FlowParserMixin.withSmartMixTopicForbiddingContext (/home/kavia/workspace/code-generation/neuroquest-the-productivity-rpg-26275-bd28cfe0/neuroquest_web_app/node_modules/@babel/parser/lib/index.js:12077:14)
    at FlowParserMixin.parseFunction (/home/kavia/workspace/code-generation/neuroquest-the-productivity-rpg-26275-bd28cfe0/neuroquest_web_app/node_modules/@babel/parser/lib/index.js:13084:10)

ERROR in ./src/pages/QuestLog.jsx
Module build failed (from ./node_modules/babel-loader/lib/index.js):
SyntaxError: /home/kavia/workspace/code-generation/neuroquest-the-productivity-rpg-26275-bd28cfe0/neuroquest_web_app/src/pages/QuestLog.jsx: Unterminated string constant. (259:43)

  257 |           ...quest,
  258 |           title: "The Legendary " + quest.title,
> 259 |           description: quest.description + "
      |                                            ^
  260 | (Fantasy flavor added!)",
  261 |           gpt: true,
  262 |         };
    at constructor (/home/kavia/workspace/code-generation/neuroquest-the-productivity-rpg-26275-bd28cfe0/neuroquest_web_app/node_modules/@babel/parser/lib/index.js:360:19)
    at FlowParserMixin.raise (/home/kavia/workspace/code-generation/neuroquest-the-productivity-rpg-26275-bd28cfe0/neuroquest_web_app/node_modules/@babel/parser/lib/index.js:3327:19)
    at Object.unterminated (/home/kavia/workspace/code-generation/neuroquest-the-productivity-rpg-26275-bd28cfe0/neuroquest_web_app/node_modules/@babel/parser/lib/index.js:2395:20)
    at readStringContents (/home/kavia/workspace/code-generation/neuroquest-the-productivity-rpg-26275-bd28cfe0/neuroquest_web_app/node_modules/@babel/parser/lib/index.js:2137:16)
    at FlowParserMixin.readString (/home/kavia/workspace/code-generation/neuroquest-the-productivity-rpg-26275-bd28cfe0/neuroquest_web_app/node_modules/@babel/parser/lib/index.js:3226:9)
    at FlowParserMixin.getTokenFromCode (/home/kavia/workspace/code-generation/neuroquest-the-productivity-rpg-26275-bd28cfe0/neuroquest_web_app/node_modules/@babel/parser/lib/index.js:2986:14)
    at FlowParserMixin.getTokenFromCode (/home/kavia/workspace/code-generation/neuroquest-the-productivity-rpg-26275-bd28cfe0/neuroquest_web_app/node_modules/@babel/parser/lib/index.js:6970:11)
    at FlowParserMixin.getTokenFromCode (/home/kavia/workspace/code-generation/neuroquest-the-productivity-rpg-26275-bd28cfe0/neuroquest_web_app/node_modules/@babel/parser/lib/index.js:5419:13)
    at FlowParserMixin.nextToken (/home/kavia/workspace/code-generation/neuroquest-the-productivity-rpg-26275-bd28cfe0/neuroquest_web_app/node_modules/@babel/parser/lib/index.js:2510:10)
    at FlowParserMixin.next (/home/kavia/workspace/code-generation/neuroquest-the-productivity-rpg-26275-bd28cfe0/neuroquest_web_app/node_modules/@babel/parser/lib/index.js:2423:10)
    at FlowParserMixin.parseExprOp (/home/kavia/workspace/code-generation/neuroquest-the-productivity-rpg-26275-bd28cfe0/neuroquest_web_app/node_modules/@babel/parser/lib/index.js:10616:14)
    at FlowParserMixin.parseExprOps (/home/kavia/workspace/code-generation/neuroquest-the-productivity-rpg-26275-bd28cfe0/neuroquest_web_app/node_modules/@babel/parser/lib/index.js:10585:17)
    at FlowParserMixin.parseMaybeConditional (/home/kavia/workspace/code-generation/neuroquest-the-productivity-rpg-26275-bd28cfe0/neuroquest_web_app/node_modules/@babel/parser/lib/index.js:10558:23)
    at FlowParserMixin.parseMaybeAssign (/home/kavia/workspace/code-generation/neuroquest-the-productivity-rpg-26275-bd28cfe0/neuroquest_web_app/node_modules/@babel/parser/lib/index.js:10521:21)
    at FlowParserMixin.parseMaybeAssign (/home/kavia/workspace/code-generation/neuroquest-the-productivity-rpg-26275-bd28cfe0/neuroquest_web_app/node_modules/@babel/parser/lib/index.js:5773:18)
    at /home/kavia/workspace/code-generation/neuroquest-the-productivity-rpg-26275-bd28cfe0/neuroquest_web_app/node_modules/@babel/parser/lib/index.js:10491:39
    at FlowParserMixin.allowInAnd (/home/kavia/workspace/code-generation/neuroquest-the-productivity-rpg-26275-bd28cfe0/neuroquest_web_app/node_modules/@babel/parser/lib/index.js:12100:12)
    at FlowParserMixin.parseMaybeAssignAllowIn (/home/kavia/workspace/code-generation/neuroquest-the-productivity-rpg-26275-bd28cfe0/neuroquest_web_app/node_modules/@babel/parser/lib/index.js:10491:17)
    at FlowParserMixin.parseObjectProperty (/home/kavia/workspace/code-generation/neuroquest-the-productivity-rpg-26275-bd28cfe0/neuroquest_web_app/node_modules/@babel/parser/lib/index.js:11636:83)
    at FlowParserMixin.parseObjPropValue (/home/kavia/workspace/code-generation/neuroquest-the-productivity-rpg-26275-bd28cfe0/neuroquest_web_app/node_modules/@babel/parser/lib/index.js:11661:100)
    at FlowParserMixin.parseObjPropValue (/home/kavia/workspace/code-generation/neuroquest-the-productivity-rpg-26275-bd28cfe0/neuroquest_web_app/node_modules/@babel/parser/lib/index.js:5563:26)
    at FlowParserMixin.parsePropertyDefinition (/home/kavia/workspace/code-generation/neuroquest-the-productivity-rpg-26275-bd28cfe0/neuroquest_web_app/node_modules/@babel/parser/lib/index.js:11601:17)
    at FlowParserMixin.parseObjectLike (/home/kavia/workspace/code-generation/neuroquest-the-productivity-rpg-26275-bd28cfe0/neuroquest_web_app/node_modules/@babel/parser/lib/index.js:11516:21)
    at FlowParserMixin.parseExprAtom (/home/kavia/workspace/code-generation/neuroquest-the-productivity-rpg-26275-bd28cfe0/neuroquest_web_app/node_modules/@babel/parser/lib/index.js:11024:23)
    at FlowParserMixin.parseExprAtom (/home/kavia/workspace/code-generation/neuroquest-the-productivity-rpg-26275-bd28cfe0/neuroquest_web_app/node_modules/@babel/parser/lib/index.js:6937:20)
    at FlowParserMixin.parseExprSubscripts (/home/kavia/workspace/code-generation/neuroquest-the-productivity-rpg-26275-bd28cfe0/neuroquest_web_app/node_modules/@babel/parser/lib/index.js:10758:23)
    at FlowParserMixin.parseUpdate (/home/kavia/workspace/code-generation/neuroquest-the-productivity-rpg-26275-bd28cfe0/neuroquest_web_app/node_modules/@babel/parser/lib/index.js:10743:21)
    at FlowParserMixin.parseMaybeUnary (/home/kavia/workspace/code-generation/neuroquest-the-productivity-rpg-26275-bd28cfe0/neuroquest_web_app/node_modules/@babel/parser/lib/index.js:10723:23)
    at FlowParserMixin.parseMaybeUnaryOrPrivate (/home/kavia/workspace/code-generation/neuroquest-the-productivity-rpg-26275-bd28cfe0/neuroquest_web_app/node_modules/@babel/parser/lib/index.js:10576:61)
    at FlowParserMixin.parseExprOps (/home/kavia/workspace/code-generation/neuroquest-the-productivity-rpg-26275-bd28cfe0/neuroquest_web_app/node_modules/@babel/parser/lib/index.js:10581:23)
    at FlowParserMixin.parseMaybeConditional (/home/kavia/workspace/code-generation/neuroquest-the-productivity-rpg-26275-bd28cfe0/neuroquest_web_app/node_modules/@babel/parser/lib/index.js:10558:23)
    at FlowParserMixin.parseMaybeAssign (/home/kavia/workspace/code-generation/neuroquest-the-productivity-rpg-26275-bd28cfe0/neuroquest_web_app/node_modules/@babel/parser/lib/index.js:10521:21)
    at FlowParserMixin.parseMaybeAssign (/home/kavia/workspace/code-generation/neuroquest-the-productivity-rpg-26275-bd28cfe0/neuroquest_web_app/node_modules/@babel/parser/lib/index.js:5773:18)
    at /home/kavia/workspace/code-generation/neuroquest-the-productivity-rpg-26275-bd28cfe0/neuroquest_web_app/node_modules/@babel/parser/lib/index.js:10491:39
    at FlowParserMixin.allowInAnd (/home/kavia/workspace/code-generation/neuroquest-the-productivity-rpg-26275-bd28cfe0/neuroquest_web_app/node_modules/@babel/parser/lib/index.js:12095:16)
    at FlowParserMixin.parseMaybeAssignAllowIn (/home/kavia/workspace/code-generation/neuroquest-the-productivity-rpg-26275-bd28cfe0/neuroquest_web_app/node_modules/@babel/parser/lib/index.js:10491:17)
    at FlowParserMixin.parseVar (/home/kavia/workspace/code-generation/neuroquest-the-productivity-rpg-26275-bd28cfe0/neuroquest_web_app/node_modules/@babel/parser/lib/index.js:13028:91)
    at FlowParserMixin.parseVarStatement (/home/kavia/workspace/code-generation/neuroquest-the-productivity-rpg-26275-bd28cfe0/neuroquest_web_app/node_modules/@babel/parser/lib/index.js:12874:10)
    at FlowParserMixin.parseStatementContent (/home/kavia/workspace/code-generation/neuroquest-the-productivity-rpg-26275-bd28cfe0/neuroquest_web_app/node_modules/@babel/parser/lib/index.js:12489:23)
    at FlowParserMixin.parseStatementLike (/home/kavia/workspace/code-generation/neuroquest-the-productivity-rpg-26275-bd28cfe0/neuroquest_web_app/node_modules/@babel/parser/lib/index.js:12406:17)
    at FlowParserMixin.parseStatementLike (/home/kavia/workspace/code-generation/neuroquest-the-productivity-rpg-26275-bd28cfe0/neuroquest_web_app/node_modules/@babel/parser/lib/index.js:5140:24)
    at FlowParserMixin.parseStatementListItem (/home/kavia/workspace/code-generation/neuroquest-the-productivity-rpg-26275-bd28cfe0/neuroquest_web_app/node_modules/@babel/parser/lib/index.js:12386:17)
    at FlowParserMixin.parseBlockOrModuleBlockBody (/home/kavia/workspace/code-generation/neuroquest-the-productivity-rpg-26275-bd28cfe0/neuroquest_web_app/node_modules/@babel/parser/lib/index.js:12960:61)
    at FlowParserMixin.parseBlockBody (/home/kavia/workspace/code-generation/neuroquest-the-productivity-rpg-26275-bd28cfe0/neuroquest_web_app/node_modules/@babel/parser/lib/index.js:12953:10)
    at FlowParserMixin.parseBlock (/home/kavia/workspace/code-generation/neuroquest-the-productivity-rpg-26275-bd28cfe0/neuroquest_web_app/node_modules/@babel/parser/lib/index.js:12941:10)
    at FlowParserMixin.parseFunctionBody (/home/kavia/workspace/code-generation/neuroquest-the-productivity-rpg-26275-bd28cfe0/neuroquest_web_app/node_modules/@babel/parser/lib/index.js:11783:24)
    at /home/kavia/workspace/code-generation/neuroquest-the-productivity-rpg-26275-bd28cfe0/neuroquest_web_app/node_modules/@babel/parser/lib/index.js:5114:63
    at FlowParserMixin.forwardNoArrowParamsConversionAt (/home/kavia/workspace/code-generation/neuroquest-the-productivity-rpg-26275-bd28cfe0/neuroquest_web_app/node_modules/@babel/parser/lib/index.js:5290:16)
    at FlowParserMixin.parseFunctionBody (/home/kavia/workspace/code-generation/neuroquest-the-productivity-rpg-26275-bd28cfe0/neuroquest_web_app/node_modules/@babel/parser/lib/index.js:5114:12)
    at FlowParserMixin.parseArrowExpression (/home/kavia/workspace/code-generation/neuroquest-the-productivity-rpg-26275-bd28cfe0/neuroquest_web_app/node_modules/@babel/parser/lib/index.js:11758:10)

ERROR in ./src/pages/Settings.jsx 113:17-28
export 'UserContext' (imported as 'UserContext') was not found in '../context/UserContext' (possible exports: UserProvider, useUser)

ERROR in ./src/pages/Settings.jsx 117:17-28
export 'GameContext' (imported as 'GameContext') was not found in '../context/GameContext' (possible exports: GameProvider, useGame)

ERROR in ./src/App.css (./node_modules/css-loader/dist/cjs.js??ruleSet[1].rules[1].oneOf[5].use[1]!./node_modules/postcss-loader/dist/cjs.js??ruleSet[1].rules[1].oneOf[5].use[2]!./node_modules/source-map-loader/dist/cjs.js!./src/App.css) 5:36-98
Module not found: Error: Can't resolve '/src/assets/hero_banner_wizard.png' in '/home/kavia/workspace/code-generation/neuroquest-the-productivity-rpg-26275-bd28cfe0/neuroquest_web_app/src'

ERROR in [eslint] 
src/components/Avatar.jsx
  Line 17:3:  'src' is missing in props validation        react/prop-types
  Line 18:3:  'alt' is missing in props validation        react/prop-types
  Line 19:3:  'size' is missing in props validation       react/prop-types
  Line 20:3:  'ringColor' is missing in props validation  react/prop-types
  Line 21:3:  'demoIndex' is missing in props validation  react/prop-types

src/components/FloatingOrb.jsx
  Line 9:39:  'children' is missing in props validation  react/prop-types
  Line 9:49:  'size' is missing in props validation      react/prop-types
  Line 9:60:  'color' is missing in props validation     react/prop-types

src/components/HPBar.jsx
  Line 9:33:  'hp' is missing in props validation           react/prop-types
  Line 9:37:  'maxHp' is missing in props validation        react/prop-types
  Line 9:50:  'showPercent' is missing in props validation  react/prop-types

src/components/NeonButton.jsx
  Line 12:3:  'onClick' is missing in props validation    react/prop-types
  Line 13:3:  'children' is missing in props validation   react/prop-types
  Line 14:3:  'disabled' is missing in props validation   react/prop-types
  Line 15:3:  'variant' is missing in props validation    react/prop-types
  Line 16:3:  'className' is missing in props validation  react/prop-types

src/components/StatsPanel.jsx
  Line 7:38:  'stats' is missing in props validation  react/prop-types

src/components/Tabs.jsx
  Line 12:3:   'tabs' is missing in props validation          react/prop-types
  Line 13:3:   'defaultIndex' is missing in props validation  react/prop-types
  Line 14:3:   'onChange' is missing in props validation      react/prop-types
  Line 15:3:   'children' is missing in props validation      react/prop-types
  Line 16:3:   'size' is missing in props validation          react/prop-types
  Line 29:15:  'tabs.map' is missing in props validation      react/prop-types

src/components/XPBar.jsx
  Line 10:33:  'xp' is missing in props validation           react/prop-types
  Line 10:37:  'maxXp' is missing in props validation        react/prop-types
  Line 10:44:  'showPercent' is missing in props validation  react/prop-types

src/components/ZoneCard.jsx
  Line 10:36:  'name' is missing in props validation         react/prop-types
  Line 10:42:  'description' is missing in props validation  react/prop-types
  Line 10:55:  'image' is missing in props validation        react/prop-types
  Line 10:62:  'onClick' is missing in props validation      react/prop-types

src/pages/Onboarding.jsx
  Line 177:14:  Parsing error: Unterminated regular expression. (177:14)

src/pages/QuestLog.jsx
  Line 259:43:  Parsing error: Unterminated string constant. (259:43)

Search for the keywords to learn more about each error.

webpack compiled with 6 errors and 1 warning
